[2026-04-24T07:21:36.622Z] Error: simulated request.json() failure for testing
    at Object.json (/Users/stillbulldog35/Documents/personalGithub/the-dev-squad/scripts/test-chat-logging.mjs:13:28)
    at Object.POST (/Users/stillbulldog35/Documents/personalGithub/the-dev-squad/src/app/api/chat/route.ts:679:28)
    at <anonymous> (/Users/stillbulldog35/Documents/personalGithub/the-dev-squad/scripts/test-chat-logging.mjs:17:29)
{
  "route": "api/chat"
}

[2026-04-24T07:30:27.943Z] Error: simulated request.json() failure for testing
    at Object.json (/Users/stillbulldog35/Documents/personalGithub/the-dev-squad/scripts/test-chat-logging.mjs:13:28)
    at Object.POST (/Users/stillbulldog35/Documents/personalGithub/the-dev-squad/src/app/api/chat/route.ts:679:28)
    at <anonymous> (/Users/stillbulldog35/Documents/personalGithub/the-dev-squad/scripts/test-chat-logging.mjs:17:29)
{
  "route": "api/chat"
}

[2026-04-24T07:37:47.891Z] Error: simulated request.json() failure for testing
    at Object.json (/Users/stillbulldog35/Documents/personalGithub/the-dev-squad/scripts/test-chat-logging.mjs:13:28)
    at Object.POST (/Users/stillbulldog35/Documents/personalGithub/the-dev-squad/src/app/api/chat/route.ts:679:28)
    at <anonymous> (/Users/stillbulldog35/Documents/personalGithub/the-dev-squad/scripts/test-chat-logging.mjs:17:29)
{
  "route": "api/chat"
}

[2026-04-24T07:41:42.914Z] Error: simulated request.json() failure for testing
    at Object.json (/Users/stillbulldog35/Documents/personalGithub/the-dev-squad/scripts/test-chat-logging.mjs:13:28)
    at Object.POST (/Users/stillbulldog35/Documents/personalGithub/the-dev-squad/src/app/api/chat/route.ts:679:28)
    at <anonymous> (/Users/stillbulldog35/Documents/personalGithub/the-dev-squad/scripts/test-chat-logging.mjs:17:29)
{
  "route": "api/chat"
}

[2026-04-24T07:51:04.046Z] Error: simulated request.json() failure for testing
    at Object.json (/Users/stillbulldog35/Documents/personalGithub/the-dev-squad/scripts/test-chat-logging.mjs:13:28)
    at Object.POST (/Users/stillbulldog35/Documents/personalGithub/the-dev-squad/src/app/api/chat/route.ts:679:28)
    at <anonymous> (/Users/stillbulldog35/Documents/personalGithub/the-dev-squad/scripts/test-chat-logging.mjs:17:29)
{
  "route": "api/chat"
}

[2026-04-24T18:51:20.524Z] Error: simulated request.json() failure for testing
    at Object.json (/Users/stillbulldog35/Documents/personalGithub/the-dev-squad/scripts/test-chat-logging.mjs:13:28)
    at Object.POST (/Users/stillbulldog35/Documents/personalGithub/the-dev-squad/src/app/api/chat/route.ts:695:28)
    at <anonymous> (/Users/stillbulldog35/Documents/personalGithub/the-dev-squad/scripts/test-chat-logging.mjs:17:29)
{
  "route": "api/chat"
}

